---
source: tests/integration_test.rs
expression: snapshot_report(&report)
---
error[skill_name_too_long]: skills/test/long-name/SKILL.md:2: skills/test/long-name/SKILL.md has name 'this-is-a-very-long-skill-name-that-exceeds-the-sixty-four-character-maximum-limit' exceeding 64 characters

Ran 1 lints: 1 errors, 0 warnings
